// Jest Snapshot v1, https://goo.gl/fbAQLP

exports[`Shimmer should render correctly 1`] = `
<DocumentFragment>
  .c0 {
  width: 100%;
  height: 2rem;
  background: #f2f2f2;
  border-radius: 4px;
  position: relative;
  overflow: hidden;
}

.c1 {
  width: 50%;
  max-width: 35rem;
  background: rgba(204,204,204,0.3);
  height: 100%;
  border-radius: 4px;
  box-shadow: 0px 14px 70px rgba(0,0,0,0.3);
  -webkit-animation: eyrmoN 2000ms cubic-bezier(0.5,0,0,1) infinite;
  animation: eyrmoN 2000ms cubic-bezier(0.5,0,0,1) infinite;
  position: absolute;
}

<div
    class="c0"
  >
    <div
      class="c1"
    />
  </div>
</DocumentFragment>
`;
